Archive member included to satisfy reference by file (symbol)

C:/ST/STM32CubeIDE_1.13.2/STM32CubeIDE/plugins/com.st.stm32cube.ide.mcu.externaltools.gnu-tools-for-stm32.11.3.rel1.win32_1.1.1.202309131626/tools/bin/../lib/gcc/arm-none-eabi/11.3.1/../../../../arm-none-eabi/lib/thumb/v7-m/nofp\libc_nano.a(libc_a-exit.o)
                              C:/ST/STM32CubeIDE_1.13.2/STM32CubeIDE/plugins/com.st.stm32cube.ide.mcu.externaltools.gnu-tools-for-stm32.11.3.rel1.win32_1.1.1.202309131626/tools/bin/../lib/gcc/arm-none-eabi/11.3.1/../../../../arm-none-eabi/lib/thumb/v7-m/nofp/crt0.o (exit)
C:/ST/STM32CubeIDE_1.13.2/STM32CubeIDE/plugins/com.st.stm32cube.ide.mcu.externaltools.gnu-tools-for-stm32.11.3.rel1.win32_1.1.1.202309131626/tools/bin/../lib/gcc/arm-none-eabi/11.3.1/../../../../arm-none-eabi/lib/thumb/v7-m/nofp\libc_nano.a(libc_a-itoa.o)
                              ./HAL/LCD.o (itoa)
C:/ST/STM32CubeIDE_1.13.2/STM32CubeIDE/plugins/com.st.stm32cube.ide.mcu.externaltools.gnu-tools-for-stm32.11.3.rel1.win32_1.1.1.202309131626/tools/bin/../lib/gcc/arm-none-eabi/11.3.1/../../../../arm-none-eabi/lib/thumb/v7-m/nofp\libc_nano.a(libc_a-utoa.o)
                              C:/ST/STM32CubeIDE_1.13.2/STM32CubeIDE/plugins/com.st.stm32cube.ide.mcu.externaltools.gnu-tools-for-stm32.11.3.rel1.win32_1.1.1.202309131626/tools/bin/../lib/gcc/arm-none-eabi/11.3.1/../../../../arm-none-eabi/lib/thumb/v7-m/nofp\libc_nano.a(libc_a-itoa.o) (__utoa)
C:/ST/STM32CubeIDE_1.13.2/STM32CubeIDE/plugins/com.st.stm32cube.ide.mcu.externaltools.gnu-tools-for-stm32.11.3.rel1.win32_1.1.1.202309131626/tools/bin/../lib/gcc/arm-none-eabi/11.3.1/../../../../arm-none-eabi/lib/thumb/v7-m/nofp\libc_nano.a(libc_a-findfp.o)
                              C:/ST/STM32CubeIDE_1.13.2/STM32CubeIDE/plugins/com.st.stm32cube.ide.mcu.externaltools.gnu-tools-for-stm32.11.3.rel1.win32_1.1.1.202309131626/tools/bin/../lib/gcc/arm-none-eabi/11.3.1/../../../../arm-none-eabi/lib/thumb/v7-m/nofp\libc_nano.a(libc_a-exit.o) (__stdio_exit_handler)
C:/ST/STM32CubeIDE_1.13.2/STM32CubeIDE/plugins/com.st.stm32cube.ide.mcu.externaltools.gnu-tools-for-stm32.11.3.rel1.win32_1.1.1.202309131626/tools/bin/../lib/gcc/arm-none-eabi/11.3.1/../../../../arm-none-eabi/lib/thumb/v7-m/nofp\libc_nano.a(libc_a-fwalk.o)
                              C:/ST/STM32CubeIDE_1.13.2/STM32CubeIDE/plugins/com.st.stm32cube.ide.mcu.externaltools.gnu-tools-for-stm32.11.3.rel1.win32_1.1.1.202309131626/tools/bin/../lib/gcc/arm-none-eabi/11.3.1/../../../../arm-none-eabi/lib/thumb/v7-m/nofp\libc_nano.a(libc_a-findfp.o) (_fwalk_sglue)
C:/ST/STM32CubeIDE_1.13.2/STM32CubeIDE/plugins/com.st.stm32cube.ide.mcu.externaltools.gnu-tools-for-stm32.11.3.rel1.win32_1.1.1.202309131626/tools/bin/../lib/gcc/arm-none-eabi/11.3.1/../../../../arm-none-eabi/lib/thumb/v7-m/nofp\libc_nano.a(libc_a-stdio.o)
                              C:/ST/STM32CubeIDE_1.13.2/STM32CubeIDE/plugins/com.st.stm32cube.ide.mcu.externaltools.gnu-tools-for-stm32.11.3.rel1.win32_1.1.1.202309131626/tools/bin/../lib/gcc/arm-none-eabi/11.3.1/../../../../arm-none-eabi/lib/thumb/v7-m/nofp\libc_nano.a(libc_a-findfp.o) (__sread)
C:/ST/STM32CubeIDE_1.13.2/STM32CubeIDE/plugins/com.st.stm32cube.ide.mcu.externaltools.gnu-tools-for-stm32.11.3.rel1.win32_1.1.1.202309131626/tools/bin/../lib/gcc/arm-none-eabi/11.3.1/../../../../arm-none-eabi/lib/thumb/v7-m/nofp\libc_nano.a(libc_a-memset.o)
                              C:/ST/STM32CubeIDE_1.13.2/STM32CubeIDE/plugins/com.st.stm32cube.ide.mcu.externaltools.gnu-tools-for-stm32.11.3.rel1.win32_1.1.1.202309131626/tools/bin/../lib/gcc/arm-none-eabi/11.3.1/../../../../arm-none-eabi/lib/thumb/v7-m/nofp/crt0.o (memset)
C:/ST/STM32CubeIDE_1.13.2/STM32CubeIDE/plugins/com.st.stm32cube.ide.mcu.externaltools.gnu-tools-for-stm32.11.3.rel1.win32_1.1.1.202309131626/tools/bin/../lib/gcc/arm-none-eabi/11.3.1/../../../../arm-none-eabi/lib/thumb/v7-m/nofp\libc_nano.a(libc_a-closer.o)
                              C:/ST/STM32CubeIDE_1.13.2/STM32CubeIDE/plugins/com.st.stm32cube.ide.mcu.externaltools.gnu-tools-for-stm32.11.3.rel1.win32_1.1.1.202309131626/tools/bin/../lib/gcc/arm-none-eabi/11.3.1/../../../../arm-none-eabi/lib/thumb/v7-m/nofp\libc_nano.a(libc_a-stdio.o) (_close_r)
C:/ST/STM32CubeIDE_1.13.2/STM32CubeIDE/plugins/com.st.stm32cube.ide.mcu.externaltools.gnu-tools-for-stm32.11.3.rel1.win32_1.1.1.202309131626/tools/bin/../lib/gcc/arm-none-eabi/11.3.1/../../../../arm-none-eabi/lib/thumb/v7-m/nofp\libc_nano.a(libc_a-reent.o)
                              C:/ST/STM32CubeIDE_1.13.2/STM32CubeIDE/plugins/com.st.stm32cube.ide.mcu.externaltools.gnu-tools-for-stm32.11.3.rel1.win32_1.1.1.202309131626/tools/bin/../lib/gcc/arm-none-eabi/11.3.1/../../../../arm-none-eabi/lib/thumb/v7-m/nofp\libc_nano.a(libc_a-closer.o) (errno)
[...]
Memory Configuration

Name             Origin             Length             Attributes
RAM              0x0000000020000000 0x0000000000002800 xrw
ROM              0x0000000008000000 0x0000000000008000 xr
*default*        0x0000000000000000 0xffffffffffffffff

Linker script and memory map

LOAD C:/ST/STM32CubeIDE_1.13.2/STM32CubeIDE/plugins/com.st.stm32cube.ide.mcu.externaltools.gnu-tools-for-stm32.11.3.rel1.win32_1.1.1.202309131626/tools/bin/../lib/gcc/arm-none-eabi/11.3.1/thumb/v7-m/nofp/crti.o
LOAD C:/ST/STM32CubeIDE_1.13.2/STM32CubeIDE/plugins/com.st.stm32cube.ide.mcu.externaltools.gnu-tools-for-stm32.11.3.rel1.win32_1.1.1.202309131626/tools/bin/../lib/gcc/arm-none-eabi/11.3.1/thumb/v7-m/nofp/crtbegin.o
LOAD C:/ST/STM32CubeIDE_1.13.2/STM32CubeIDE/plugins/com.st.stm32cube.ide.mcu.externaltools.gnu-tools-for-stm32.11.3.rel1.win32_1.1.1.202309131626/tools/bin/../lib/gcc/arm-none-eabi/11.3.1/../../../../arm-none-eabi/lib/thumb/v7-m/nofp/crt0.o
LOAD ./HAL/KEYPAD.o
LOAD ./HAL/LCD.o
LOAD ./HAL/SPI_EEPROM.o
LOAD ./HAL/Servo_Motor.o
LOAD ./MCAL/EEPROM.o
LOAD ./MCAL/EXTI_Driver.o
LOAD ./MCAL/GPIO_Driver.o
LOAD ./MCAL/I2C.o
LOAD ./MCAL/RCC.o
LOAD ./MCAL/SPI.o
LOAD ./MCAL/Timer.o
LOAD ./MCAL/Timer1_8.o
LOAD ./MCAL/USART_Driver.o
LOAD ./Src/main.o
LOAD ./Src/syscalls.o
LOAD ./Src/sysmem.o
LOAD ./Startup/startup_stm32f103c6tx.o
START GROUP
LOAD C:/ST/STM32CubeIDE_1.13.2/STM32CubeIDE/plugins/com.st.stm32cube.ide.mcu.externaltools.gnu-tools-for-stm32.11.3.rel1.win32_1.1.1.202309131626/tools/bin/../lib/gcc/arm-none-eabi/11.3.1/../../../../arm-none-eabi/lib/thumb/v7-m/nofp\libc_nano.a
LOAD C:/ST/STM32CubeIDE_1.13.2/STM32CubeIDE/plugins/com.st.stm32cube.ide.mcu.externaltools.gnu-tools-for-stm32.11.3.rel1.win32_1.1.1.202309131626/tools/bin/../lib/gcc/arm-none-eabi/11.3.1/../../../../arm-none-eabi/lib/thumb/v7-m/nofp\libm.a
END GROUP
START GROUP
LOAD C:/ST/STM32CubeIDE_1.13.2/STM32CubeIDE/plugins/com.st.stm32cube.ide.mcu.externaltools.gnu-tools-for-stm32.11.3.rel1.win32_1.1.1.202309131626/tools/bin/../lib/gcc/arm-none-eabi/11.3.1/thumb/v7-m/nofp\libgcc.a
LOAD C:/ST/STM32CubeIDE_1.13.2/STM32CubeIDE/plugins/com.st.stm32cube.ide.mcu.externaltools.gnu-tools-for-stm32.11.3.rel1.win32_1.1.1.202309131626/tools/bin/../lib/gcc/arm-none-eabi/11.3.1/../../../../arm-none-eabi/lib/thumb/v7-m/nofp\libg_nano.a
LOAD C:/ST/STM32CubeIDE_1.13.2/STM32CubeIDE/plugins/com.st.stm32cube.ide.mcu.externaltools.gnu-tools-for-stm32.11.3.rel1.win32_1.1.1.202309131626/tools/bin/../lib/gcc/arm-none-eabi/11.3.1/../../../../arm-none-eabi/lib/thumb/v7-m/nofp\libc_nano.a
END GROUP
START GROUP
LOAD C:/ST/STM32CubeIDE_1.13.2/STM32CubeIDE/plugins/com.st.stm32cube.ide.mcu.externaltools.gnu-tools-for-stm32.11.3.rel1.win32_1.1.1.202309131626/tools/bin/../lib/gcc/arm-none-eabi/11.3.1/thumb/v7-m/nofp\libgcc.a
LOAD C:/ST/STM32CubeIDE_1.13.2/STM32CubeIDE/plugins/com.st.stm32cube.ide.mcu.externaltools.gnu-tools-for-stm32.11.3.rel1.win32_1.1.1.202309131626/tools/bin/../lib/gcc/arm-none-eabi/11.3.1/../../../../arm-none-eabi/lib/thumb/v7-m/nofp\libc_nano.a
LOAD C:/ST/STM32CubeIDE_1.13.2/STM32CubeIDE/plugins/com.st.stm32cube.ide.mcu.externaltools.gnu-tools-for-stm32.11.3.rel1.win32_1.1.1.202309131626/tools/bin/../lib/gcc/arm-none-eabi/11.3.1/../../../../arm-none-eabi/lib/thumb/v7-m/nofp\libnosys.a
END GROUP
START GROUP
LOAD C:/ST/STM32CubeIDE_1.13.2/STM32CubeIDE/plugins/com.st.stm32cube.ide.mcu.externaltools.gnu-tools-for-stm32.11.3.rel1.win32_1.1.1.202309131626/tools/bin/../lib/gcc/arm-none-eabi/11.3.1/thumb/v7-m/nofp\libgcc.a
LOAD C:/ST/STM32CubeIDE_1.13.2/STM32CubeIDE/plugins/com.st.stm32cube.ide.mcu.externaltools.gnu-tools-for-stm32.11.3.rel1.win32_1.1.1.202309131626/tools/bin/../lib/gcc/arm-none-eabi/11.3.1/../../../../arm-none-eabi/lib/thumb/v7-m/nofp\libc_nano.a
LOAD C:/ST/STM32CubeIDE_1.13.2/STM32CubeIDE/plugins/com.st.stm32cube.ide.mcu.externaltools.gnu-tools-for-stm32.11.3.rel1.win32_1.1.1.202309131626/tools/bin/../lib/gcc/arm-none-eabi/11.3.1/../../../../arm-none-eabi/lib/thumb/v7-m/nofp\libnosys.a
END GROUP
LOAD C:/ST/STM32CubeIDE_1.13.2/STM32CubeIDE/plugins/com.st.stm32cube.ide.mcu.externaltools.gnu-tools-for-stm32.11.3.rel1.win32_1.1.1.202309131626/tools/bin/../lib/gcc/arm-none-eabi/11.3.1/thumb/v7-m/nofp/crtend.o
LOAD C:/ST/STM32CubeIDE_1.13.2/STM32CubeIDE/plugins/com.st.stm32cube.ide.mcu.externaltools.gnu-tools-for-stm32.11.3.rel1.win32_1.1.1.202309131626/tools/bin/../lib/gcc/arm-none-eabi/11.3.1/thumb/v7-m/nofp/crtn.o
                0x0000000020002800                _estack = (ORIGIN (RAM) + LENGTH (RAM))
                0x0000000000000200                _Min_Heap_Size = 0x200
                0x0000000000000400                _Min_Stack_Size = 0x400

.isr_vector     0x0000000008000000      0x130
                0x0000000008000000                . = ALIGN (0x4)
 *(.isr_vector)
 .isr_vector    0x0000000008000000      0x130 ./Startup/startup_stm32f103c6tx.o
                0x0000000008000000                g_pfnVectors
                0x0000000008000130                . = ALIGN (0x4)

.text           0x0000000008000130      0xd48
                0x0000000008000130                . = ALIGN (0x4)
 *(.text)
 .text          0x0000000008000130       0x40 C:/ST/STM32CubeIDE_1.13.2/STM32CubeIDE/plugins/com.st.stm32cube.ide.mcu.externaltools.gnu-tools-for-stm32.11.3.rel1.win32_1.1.1.202309131626/tools/bin/../lib/gcc/arm-none-eabi/11.3.1/thumb/v7-m/nofp/crtbegin.o
 *(.text*)
 .text.EN_PULS  0x0000000008000170       0x28 ./HAL/LCD.o
                0x0000000008000170                EN_PULS
 .text.LCD_sendCommand
                0x0000000008000198       0xd4 ./HAL/LCD.o
                0x0000000008000198                LCD_sendCommand
 .text.LCD_init
                0x000000000800026c       0xac ./HAL/LCD.o
                0x000000000800026c                LCD_init
 .text.LCD_clearScreen
                0x0000000008000318        0xe ./HAL/LCD.o
                0x0000000008000318                LCD_clearScreen
 *fill*         0x0000000008000326        0x2 
 .text.LCD_sendCharcter
                0x0000000008000328       0xd4 ./HAL/LCD.o
                0x0000000008000328                LCD_sendCharcter
 .text.LCD_sendString
                0x00000000080003fc       0x2e ./HAL/LCD.o
                0x00000000080003fc                LCD_sendString
 .text.LCD_intgerToString
                0x000000000800042a       0x28 ./HAL/LCD.o
                0x000000000800042a                LCD_intgerToString
 *fill*         0x0000000008000452        0x2 
 .text.EXTI0_IRQHandler
                0x0000000008000454       0x24 ./MCAL/EXTI_Driver.o
                0x0000000008000454                EXTI0_IRQHandler
 .text.EXTI1_IRQHandler
                0x0000000008000478       0x24 ./MCAL/EXTI_Driver.o
                0x0000000008000478                EXTI1_IRQHandler
 .text.EXTI2_IRQHandler
                0x000000000800049c       0x24 ./MCAL/EXTI_Driver.o
                0x000000000800049c                EXTI2_IRQHandler
 .text.EXTI3_IRQHandler
                0x00000000080004c0       0x24 ./MCAL/EXTI_Driver.o
                0x00000000080004c0                EXTI3_IRQHandler
 .text.EXTI4_IRQHandler
                0x00000000080004e4       0x24 ./MCAL/EXTI_Driver.o
                0x00000000080004e4                EXTI4_IRQHandler
 .text.EXTI9_5_IRQHandler
                0x0000000008000508       0xa8 ./MCAL/EXTI_Driver.o
                0x0000000008000508                EXTI9_5_IRQHandler
 .text.EXTI15_10_IRQHandler
                0x00000000080005b0       0xc4 ./MCAL/EXTI_Driver.o
                0x00000000080005b0                EXTI15_10_IRQHandler
 .text.Get_PIN_Positon
                0x0000000008000674       0x30 ./MCAL/GPIO_Driver.o
                0x0000000008000674                Get_PIN_Positon
 .text.MCAL_GPIO_init
                0x00000000080006a4      0x1d4 ./MCAL/GPIO_Driver.o
                0x00000000080006a4                MCAL_GPIO_init
 .text.MCAL_write_PIN
                0x0000000008000878       0x50 ./MCAL/GPIO_Driver.o
                0x0000000008000878                MCAL_write_PIN
 .text.SPI1_IRQHandler
                0x00000000080008c8       0x28 ./MCAL/SPI.o
                0x00000000080008c8                SPI1_IRQHandler
 .text.get_flag_source
                0x00000000080008f0       0x6e ./MCAL/SPI.o
                0x00000000080008f0                get_flag_source
 *fill*         0x000000000800095e        0x2 
 .text.Timer2_init
                0x0000000008000960       0x54 ./MCAL/Timer.o
                0x0000000008000960                Timer2_init
 .text.dus      0x00000000080009b4       0x2c ./MCAL/Timer.o
                0x00000000080009b4                dus
 .text.dms      0x00000000080009e0       0x32 ./MCAL/Timer.o
                0x00000000080009e0                dms
 .text.ERROR_HANDLER
                0x0000000008000a12        0x6 ./MCAL/Timer1_8.o
                0x0000000008000a12                ERROR_HANDLER
 .text.MCAL_SET_TIMx_GPIO
                0x0000000008000a18       0x2c ./MCAL/Timer1_8.o
                0x0000000008000a18                MCAL_SET_TIMx_GPIO
 .text.TIMER_1_CTC_start
                0x0000000008000a44      0x13c ./MCAL/Timer1_8.o
                0x0000000008000a44                TIMER_1_CTC_start
 .text.TIM1_UP_IRQHandler
                0x0000000008000b80       0x24 ./MCAL/Timer1_8.o
                0x0000000008000b80                TIM1_UP_IRQHandler
 .text.TIM1_CC_IRQHandler
                0x0000000008000ba4       0x24 ./MCAL/Timer1_8.o
                0x0000000008000ba4                TIM1_CC_IRQHandler
 .text.TIM1_BRK_IRQHandler
                0x0000000008000bc8       0x24 ./MCAL/Timer1_8.o
                0x0000000008000bc8                TIM1_BRK_IRQHandler
 .text.TIM1_TRG_COM_IRQHandler
                0x0000000008000bec       0x24 ./MCAL/Timer1_8.o
                0x0000000008000bec                TIM1_TRG_COM_IRQHandler
 .text.USART1_IRQHandler
                0x0000000008000c10       0x14 ./MCAL/USART_Driver.o
                0x0000000008000c10                USART1_IRQHandler
 .text.USART2_IRQHandler
                0x0000000008000c24       0x14 ./MCAL/USART_Driver.o
                0x0000000008000c24                USART2_IRQHandler
 .text.USART3_IRQHandler
                0x0000000008000c38       0x14 ./MCAL/USART_Driver.o
                0x0000000008000c38                USART3_IRQHandler
 .text.Toggel   0x0000000008000c4c       0x1c ./Src/main.o
                0x0000000008000c4c                Toggel
 .text.main     0x0000000008000c68       0xa4 ./Src/main.o
                0x0000000008000c68                main
 .text.Reset_Handler
                0x0000000008000d0c       0x50 ./Startup/startup_stm32f103c6tx.o
                0x0000000008000d0c                Reset_Handler
 .text.Default_Handler
                0x0000000008000d5c        0x2 ./Startup/startup_stm32f103c6tx.o
                0x0000000008000d5c                TIM8_TRG_COM_IRQHandler
                0x0000000008000d5c                TIM8_CC_IRQHandler
                0x0000000008000d5c                DebugMon_Handler
                0x0000000008000d5c                HardFault_Handler
                0x0000000008000d5c                TIM6_IRQHandler
                0x0000000008000d5c                SysTick_Handler
                0x0000000008000d5c                PVD_IRQHandler
                0x0000000008000d5c                SDIO_IRQHandler
                0x0000000008000d5c                PendSV_Handler
                0x0000000008000d5c                NMI_Handler
                0x0000000008000d5c                USB_HP_CAN_TX_IRQHandler
                0x0000000008000d5c                I2C2_EV_IRQHandler
                0x0000000008000d5c                UsageFault_Handler
                0x0000000008000d5c                ADC1_2_IRQHandler
                0x0000000008000d5c                CAN_SCE_IRQHandler
                0x0000000008000d5c                TAMPER_IRQHandler
                0x0000000008000d5c                TIM8_UP_IRQHandler
                0x0000000008000d5c                DMA2_Channel2_IRQHandler
                0x0000000008000d5c                DMA1_Channel4_IRQHandler
                0x0000000008000d5c                RTC_IRQHandler
                0x0000000008000d5c                DMA1_Channel7_IRQHandler
                0x0000000008000d5c                UART5_IRQHandler
                0x0000000008000d5c                ADC3_IRQHandler
                0x0000000008000d5c                TIM4_IRQHandler
                0x0000000008000d5c                CAN_RX1_IRQHandler
                0x0000000008000d5c                DMA2_Channel1_IRQHandler
                0x0000000008000d5c                I2C1_EV_IRQHandler
                0x0000000008000d5c                DMA1_Channel6_IRQHandler
                0x0000000008000d5c                UART4_IRQHandler
                0x0000000008000d5c                TIM3_IRQHandler
                0x0000000008000d5c                RCC_IRQHandler
                0x0000000008000d5c                DMA1_Channel1_IRQHandler
                0x0000000008000d5c                Default_Handler
                0x0000000008000d5c                TIM7_IRQHandler
                0x0000000008000d5c                TIM5_IRQHandler
                0x0000000008000d5c                SPI2_IRQHandler
                0x0000000008000d5c                USB_LP_CAN_RX0_IRQHandler
                0x0000000008000d5c                MemManage_Handler
                0x0000000008000d5c                SVC_Handler
                0x0000000008000d5c                DMA1_Channel5_IRQHandler
                0x0000000008000d5c                DMA1_Channel3_IRQHandler
                0x0000000008000d5c                FSMC_IRQHandler
                0x0000000008000d5c                WWDG_IRQHandler
                0x0000000008000d5c                TIM2_IRQHandler
                0x0000000008000d5c                RTCAlarm_IRQHandler
                0x0000000008000d5c                DMA2_Channel4_5_IRQHandler
                0x0000000008000d5c                I2C2_ER_IRQHandler
                0x0000000008000d5c                DMA1_Channel2_IRQHandler
                0x0000000008000d5c                TIM8_BRK_IRQHandler
                0x0000000008000d5c                FLASH_IRQHandler
                0x0000000008000d5c                BusFault_Handler
                0x0000000008000d5c                SPI3_IRQHandler
                0x0000000008000d5c                I2C1_ER_IRQHandler
                0x0000000008000d5c                DMA2_Channel3_IRQHandler
 .text.__itoa   0x0000000008000d5e       0x30 C:/ST/STM32CubeIDE_1.13.2/STM32CubeIDE/plugins/com.st.stm32cube.ide.mcu.externaltools.gnu-tools-for-stm32.11.3.rel1.win32_1.1.1.202309131626/tools/bin/../lib/gcc/arm-none-eabi/11.3.1/../../../../arm-none-eabi/lib/thumb/v7-m/nofp\libc_nano.a(libc_a-itoa.o)
                0x0000000008000d5e                __itoa
 .text.itoa     0x0000000008000d8e        0x4 C:/ST/STM32CubeIDE_1.13.2/STM32CubeIDE/plugins/com.st.stm32cube.ide.mcu.externaltools.gnu-tools-for-stm32.11.3.rel1.win32_1.1.1.202309131626/tools/bin/../lib/gcc/arm-none-eabi/11.3.1/../../../../arm-none-eabi/lib/thumb/v7-m/nofp\libc_nano.a(libc_a-itoa.o)
                0x0000000008000d8e                itoa
 *fill*         0x0000000008000d92        0x2 
 .text.__utoa   0x0000000008000d94       0x84 C:/ST/STM32CubeIDE_1.13.2/STM32CubeIDE/plugins/com.st.stm32cube.ide.mcu.externaltools.gnu-tools-for-stm32.11.3.rel1.win32_1.1.1.202309131626/tools/bin/../lib/gcc/arm-none-eabi/11.3.1/../../../../arm-none-eabi/lib/thumb/v7-m/nofp\libc_nano.a(libc_a-utoa.o)
                0x0000000008000d94                __utoa
 .text.__libc_init_array
                0x0000000008000e18       0x48 C:/ST/STM32CubeIDE_1.13.2/STM32CubeIDE/plugins/com.st.stm32cube.ide.mcu.externaltools.gnu-tools-for-stm32.11.3.rel1.win32_1.1.1.202309131626/tools/bin/../lib/gcc/arm-none-eabi/11.3.1/../../../../arm-none-eabi/lib/thumb/v7-m/nofp\libc_nano.a(libc_a-init.o)
                0x0000000008000e18                __libc_init_array
 *(.glue_7)
 .glue_7        0x0000000008000e60        0x0 linker stubs
 *(.glue_7t)
 .glue_7t       0x0000000008000e60        0x0 linker stubs
 *(.eh_frame)
 .eh_frame      0x0000000008000e60        0x0 C:/ST/STM32CubeIDE_1.13.2/STM32CubeIDE/plugins/com.st.stm32cube.ide.mcu.externaltools.gnu-tools-for-stm32.11.3.rel1.win32_1.1.1.202309131626/tools/bin/../lib/gcc/arm-none-eabi/11.3.1/thumb/v7-m/nofp/crtbegin.o
 *(.init)
 .init          0x0000000008000e60        0x4 C:/ST/STM32CubeIDE_1.13.2/STM32CubeIDE/plugins/com.st.stm32cube.ide.mcu.externaltools.gnu-tools-for-stm32.11.3.rel1.win32_1.1.1.202309131626/tools/bin/../lib/gcc/arm-none-eabi/11.3.1/thumb/v7-m/nofp/crti.o
                0x0000000008000e60                _init
 .init          0x0000000008000e64        0x8 C:/ST/STM32CubeIDE_1.13.2/STM32CubeIDE/plugins/com.st.stm32cube.ide.mcu.externaltools.gnu-tools-for-stm32.11.3.rel1.win32_1.1.1.202309131626/tools/bin/../lib/gcc/arm-none-eabi/11.3.1/thumb/v7-m/nofp/crtn.o
 *(.fini)
 .fini          0x0000000008000e6c        0x4 C:/ST/STM32CubeIDE_1.13.2/STM32CubeIDE/plugins/com.st.stm32cube.ide.mcu.externaltools.gnu-tools-for-stm32.11.3.rel1.win32_1.1.1.202309131626/tools/bin/../lib/gcc/arm-none-eabi/11.3.1/thumb/v7-m/nofp/crti.o
                0x0000000008000e6c                _fini
 .fini          0x0000000008000e70        0x8 C:/ST/STM32CubeIDE_1.13.2/STM32CubeIDE/plugins/com.st.stm32cube.ide.mcu.externaltools.gnu-tools-for-stm32.11.3.rel1.win32_1.1.1.202309131626/tools/bin/../lib/gcc/arm-none-eabi/11.3.1/thumb/v7-m/nofp/crtn.o
                0x0000000008000e78                . = ALIGN (0x4)
                0x0000000008000e78                _etext = .

.vfp11_veneer   0x0000000008000e78        0x0
 .vfp11_veneer  0x0000000008000e78        0x0 linker stubs

.v4_bx          0x0000000008000e78        0x0
 .v4_bx         0x0000000008000e78        0x0 linker stubs

.iplt           0x0000000008000e78        0x0
 .iplt          0x0000000008000e78        0x0 C:/ST/STM32CubeIDE_1.13.2/STM32CubeIDE/plugins/com.st.stm32cube.ide.mcu.externaltools.gnu-tools-for-stm32.11.3.rel1.win32_1.1.1.202309131626/tools/bin/../lib/gcc/arm-none-eabi/11.3.1/thumb/v7-m/nofp/crtbegin.o

.rodata         0x0000000008000e78       0x44
                0x0000000008000e78                . = ALIGN (0x4)
 *(.rodata)
 .rodata        0x0000000008000e78        0x4 ./MCAL/Timer1_8.o
 .rodata        0x0000000008000e7c       0x18 ./Src/main.o
 *(.rodata*)
 .rodata.__utoa.str1.1
                0x0000000008000e94       0x25 C:/ST/STM32CubeIDE_1.13.2/STM32CubeIDE/plugins/com.st.stm32cube.ide.mcu.externaltools.gnu-tools-for-stm32.11.3.rel1.win32_1.1.1.202309131626/tools/bin/../lib/gcc/arm-none-eabi/11.3.1/../../../../arm-none-eabi/lib/thumb/v7-m/nofp\libc_nano.a(libc_a-utoa.o)
                0x0000000008000ebc                . = ALIGN (0x4)
 *fill*         0x0000000008000eb9        0x3 

.rel.dyn        0x0000000008000ebc        0x0
 .rel.iplt      0x0000000008000ebc        0x0 C:/ST/STM32CubeIDE_1.13.2/STM32CubeIDE/plugins/com.st.stm32cube.ide.mcu.externaltools.gnu-tools-for-stm32.11.3.rel1.win32_1.1.1.202309131626/tools/bin/../lib/gcc/arm-none-eabi/11.3.1/thumb/v7-m/nofp/crtbegin.o

.ARM.extab      0x0000000008000ebc        0x0
                0x0000000008000ebc                . = ALIGN (0x4)
 *(.ARM.extab* .gnu.linkonce.armextab.*)
                0x0000000008000ebc                . = ALIGN (0x4)

.ARM            0x0000000008000ebc        0x0
                0x0000000008000ebc                . = ALIGN (0x4)
                0x0000000008000ebc                __exidx_start = .
 *(.ARM.exidx*)
                0x0000000008000ebc                __exidx_end = .
                0x0000000008000ebc                . = ALIGN (0x4)

.preinit_array  0x0000000008000ebc        0x0
                0x0000000008000ebc                . = ALIGN (0x4)
                0x0000000008000ebc                PROVIDE (__preinit_array_start = .)
 *(.preinit_array*)
                0x0000000008000ebc                PROVIDE (__preinit_array_end = .)
                0x0000000008000ebc                . = ALIGN (0x4)

.init_array     0x0000000008000ebc        0x4
                0x0000000008000ebc                . = ALIGN (0x4)
                0x0000000008000ebc                PROVIDE (__init_array_start = .)
 *(SORT_BY_NAME(.init_array.*))
 *(.init_array*)
 .init_array    0x0000000008000ebc        0x4 C:/ST/STM32CubeIDE_1.13.2/STM32CubeIDE/plugins/com.st.stm32cube.ide.mcu.externaltools.gnu-tools-for-stm32.11.3.rel1.win32_1.1.1.202309131626/tools/bin/../lib/gcc/arm-none-eabi/11.3.1/thumb/v7-m/nofp/crtbegin.o
                0x0000000008000ec0                PROVIDE (__init_array_end = .)
                0x0000000008000ec0                . = ALIGN (0x4)

.fini_array     0x0000000008000ec0        0x4
                0x0000000008000ec0                . = ALIGN (0x4)
                [!provide]                        PROVIDE (__fini_array_start = .)
 *(SORT_BY_NAME(.fini_array.*))
 *(.fini_array*)
 .fini_array    0x0000000008000ec0        0x4 C:/ST/STM32CubeIDE_1.13.2/STM32CubeIDE/plugins/com.st.stm32cube.ide.mcu.externaltools.gnu-tools-for-stm32.11.3.rel1.win32_1.1.1.202309131626/tools/bin/../lib/gcc/arm-none-eabi/11.3.1/thumb/v7-m/nofp/crtbegin.o
                [!provide]                        PROVIDE (__fini_array_end = .)
                0x0000000008000ec4                . = ALIGN (0x4)
                0x0000000008000ec4                _sidata = LOADADDR (.data)

.data           0x0000000020000000        0x0 load address 0x0000000008000ec4
                0x0000000020000000                . = ALIGN (0x4)
                0x0000000020000000                _sdata = .
 *(.data)
 *(.data*)
                0x0000000020000000                . = ALIGN (0x4)
                0x0000000020000000                _edata = .

.igot.plt       0x0000000020000000        0x0 load address 0x0000000008000ec4
 .igot.plt      0x0000000020000000        0x0 C:/ST/STM32CubeIDE_1.13.2/STM32CubeIDE/plugins/com.st.stm32cube.ide.mcu.externaltools.gnu-tools-for-stm32.11.3.rel1.win32_1.1.1.202309131626/tools/bin/../lib/gcc/arm-none-eabi/11.3.1/thumb/v7-m/nofp/crtbegin.o
                0x0000000020000000                . = ALIGN (0x4)

.bss            0x0000000020000000       0xc4 load address 0x0000000008000ec4
                0x0000000020000000                _sbss = .
                0x0000000020000000                __bss_start__ = _sbss
 *(.bss)
 .bss           0x0000000020000000       0x1c C:/ST/STM32CubeIDE_1.13.2/STM32CubeIDE/plugins/com.st.stm32cube.ide.mcu.externaltools.gnu-tools-for-stm32.11.3.rel1.win32_1.1.1.202309131626/tools/bin/../lib/gcc/arm-none-eabi/11.3.1/thumb/v7-m/nofp/crtbegin.o
 *(.bss*)
 .bss.PIN_C     0x000000002000001c        0x4 ./HAL/LCD.o
                0x000000002000001c                PIN_C
 .bss.g_P_CALLBACK_f
                0x0000000020000020       0x3c ./MCAL/EXTI_Driver.o
                0x0000000020000020                g_P_CALLBACK_f
 .bss.G_P_Config_t
                0x000000002000005c       0x20 ./MCAL/SPI.o
                0x000000002000005c                G_P_Config_t
 .bss.g_Sitting
                0x000000002000007c       0x10 ./MCAL/Timer1_8.o
                0x000000002000007c                g_Sitting
 .bss.g_TIMX    0x000000002000008c        0x4 ./MCAL/Timer1_8.o
                0x000000002000008c                g_TIMX
 .bss.G_P_config
                0x0000000020000090       0x30 ./MCAL/USART_Driver.o
                0x0000000020000090                G_P_config
 .bss.sec_s     0x00000000200000c0        0x4 ./Src/main.o
                0x00000000200000c0                sec_s
 *(COMMON)
                0x00000000200000c4                . = ALIGN (0x4)
                0x00000000200000c4                _ebss = .
                0x00000000200000c4                __bss_end__ = _ebss

._user_heap_stack
                0x00000000200000c4      0x604 load address 0x0000000008000ec4
                0x00000000200000c8                . = ALIGN (0x8)
 *fill*         0x00000000200000c4        0x4 
                [!provide]                        PROVIDE (end = .)
                0x00000000200000c8                PROVIDE (_end = .)
                0x00000000200002c8                . = (. + _Min_Heap_Size)
 *fill*         0x00000000200000c8      0x200 
                0x00000000200006c8                . = (. + _Min_Stack_Size)
 *fill*         0x00000000200002c8      0x400 
                0x00000000200006c8                . = ALIGN (0x8)

/DISCARD/
 libc.a(*)
 libm.a(*)
 libgcc.a(*)

.ARM.attributes
                0x0000000000000000       0x29
 *(.ARM.attributes)
 .ARM.attributes
                0x0000000000000000       0x1d C:/ST/STM32CubeIDE_1.13.2/STM32CubeIDE/plugins/com.st.stm32cube.ide.mcu.externaltools.gnu-tools-for-stm32.11.3.rel1.win32_1.1.1.202309131626/tools/bin/../lib/gcc/arm-none-eabi/11.3.1/thumb/v7-m/nofp/crti.o
 .ARM.attributes
                0x000000000000001d       0x2d C:/ST/STM32CubeIDE_1.13.2/STM32CubeIDE/plugins/com.st.stm32cube.ide.mcu.externaltools.gnu-tools-for-stm32.11.3.rel1.win32_1.1.1.202309131626/tools/bin/../lib/gcc/arm-none-eabi/11.3.1/thumb/v7-m/nofp/crtbegin.o
 .ARM.attributes
                0x000000000000004a       0x2d ./HAL/LCD.o
 .ARM.attributes
                0x0000000000000077       0x2d ./MCAL/EXTI_Driver.o
 .ARM.attributes
                0x00000000000000a4       0x2d ./MCAL/GPIO_Driver.o
 .ARM.attributes
                0x00000000000000d1       0x2d ./MCAL/SPI.o
 .ARM.attributes
                0x00000000000000fe       0x2d ./MCAL/Timer.o
 .ARM.attributes
                0x000000000000012b       0x2d ./MCAL/Timer1_8.o
 .ARM.attributes
                0x0000000000000158       0x2d ./MCAL/USART_Driver.o
 .ARM.attributes
                0x0000000000000185       0x2d ./Src/main.o
 .ARM.attributes
                0x00000000000001b2       0x21 ./Startup/startup_stm32f103c6tx.o
 .ARM.attributes
                0x00000000000001d3       0x2d C:/ST/STM32CubeIDE_1.13.2/STM32CubeIDE/plugins/com.st.stm32cube.ide.mcu.externaltools.gnu-tools-for-stm32.11.3.rel1.win32_1.1.1.202309131626/tools/bin/../lib/gcc/arm-none-eabi/11.3.1/../../../../arm-none-eabi/lib/thumb/v7-m/nofp\libc_nano.a(libc_a-itoa.o)
 .ARM.attributes
                0x0000000000000200       0x2d C:/ST/STM32CubeIDE_1.13.2/STM32CubeIDE/plugins/com.st.stm32cube.ide.mcu.externaltools.gnu-tools-for-stm32.11.3.rel1.win32_1.1.1.202309131626/tools/bin/../lib/gcc/arm-none-eabi/11.3.1/../../../../arm-none-eabi/lib/thumb/v7-m/nofp\libc_nano.a(libc_a-utoa.o)
 .ARM.attributes
                0x000000000000022d       0x2d C:/ST/STM32CubeIDE_1.13.2/STM32CubeIDE/plugins/com.st.stm32cube.ide.mcu.externaltools.gnu-tools-for-stm32.11.3.rel1.win32_1.1.1.202309131626/tools/bin/../lib/gcc/arm-none-eabi/11.3.1/../../../../arm-none-eabi/lib/thumb/v7-m/nofp\libc_nano.a(libc_a-init.o)
 .ARM.attributes
                0x000000000000025a       0x1d C:/ST/STM32CubeIDE_1.13.2/STM32CubeIDE/plugins/com.st.stm32cube.ide.mcu.externaltools.gnu-tools-for-stm32.11.3.rel1.win32_1.1.1.202309131626/tools/bin/../lib/gcc/arm-none-eabi/11.3.1/thumb/v7-m/nofp/crtn.o
OUTPUT(Timers.elf elf32-littlearm)
LOAD linker stubs
LOAD C:/ST/STM32CubeIDE_1.13.2/STM32CubeIDE/plugins/com.st.stm32cube.ide.mcu.externaltools.gnu-tools-for-stm32.11.3.rel1.win32_1.1.1.202309131626/tools/bin/../lib/gcc/arm-none-eabi/11.3.1/../../../../arm-none-eabi/lib/thumb/v7-m/nofp\libc.a
LOAD C:/ST/STM32CubeIDE_1.13.2/STM32CubeIDE/plugins/com.st.stm32cube.ide.mcu.externaltools.gnu-tools-for-stm32.11.3.rel1.win32_1.1.1.202309131626/tools/bin/../lib/gcc/arm-none-eabi/11.3.1/../../../../arm-none-eabi/lib/thumb/v7-m/nofp\libm.a
LOAD C:/ST/STM32CubeIDE_1.13.2/STM32CubeIDE/plugins/com.st.stm32cube.ide.mcu.externaltools.gnu-tools-for-stm32.11.3.rel1.win32_1.1.1.202309131626/tools/bin/../lib/gcc/arm-none-eabi/11.3.1/thumb/v7-m/nofp\libgcc.a

.comment        0x0000000000000000       0x43
 .comment       0x0000000000000000       0x43 C:/ST/STM32CubeIDE_1.13.2/STM32CubeIDE/plugins/com.st.stm32cube.ide.mcu.externaltools.gnu-tools-for-stm32.11.3.rel1.win32_1.1.1.202309131626/tools/bin/../lib/gcc/arm-none-eabi/11.3.1/thumb/v7-m/nofp/crtbegin.o
                                         0x44 (size before relaxing)
 .comment       0x0000000000000043       0x44 ./HAL/LCD.o
 .comment       0x0000000000000043       0x44 ./MCAL/EXTI_Driver.o
 .comment       0x0000000000000043       0x44 ./MCAL/GPIO_Driver.o
 .comment       0x0000000000000043       0x44 ./MCAL/SPI.o
 .comment       0x0000000000000043       0x44 ./MCAL/Timer.o
 .comment       0x0000000000000043       0x44 ./MCAL/Timer1_8.o
 .comment       0x0000000000000043       0x44 ./MCAL/USART_Driver.o
 .comment       0x0000000000000043       0x44 ./Src/main.o

.debug_info     0x0000000000000000     0x4c7d
 .debug_info    0x0000000000000000      0x493 ./HAL/LCD.o
 .debug_info    0x0000000000000493      0x58a ./MCAL/EXTI_Driver.o
 .debug_info    0x0000000000000a1d      0x586 ./MCAL/GPIO_Driver.o
 .debug_info    0x0000000000000fa3      0xca0 ./MCAL/SPI.o
 .debug_info    0x0000000000001c43      0x10b ./MCAL/Timer.o
 .debug_info    0x0000000000001d4e     0x13d5 ./MCAL/Timer1_8.o
 .debug_info    0x0000000000003123      0x775 ./MCAL/USART_Driver.o
 .debug_info    0x0000000000003898     0x13c3 ./Src/main.o
 .debug_info    0x0000000000004c5b       0x22 ./Startup/startup_stm32f103c6tx.o

.debug_abbrev   0x0000000000000000      0xd0c
 .debug_abbrev  0x0000000000000000      0x185 ./HAL/LCD.o
 .debug_abbrev  0x0000000000000185      0x19d ./MCAL/EXTI_Driver.o
 .debug_abbrev  0x0000000000000322      0x140 ./MCAL/GPIO_Driver.o
 .debug_abbrev  0x0000000000000462      0x204 ./MCAL/SPI.o
 .debug_abbrev  0x0000000000000666       0xb2 ./MCAL/Timer.o
 .debug_abbrev  0x0000000000000718      0x1e5 ./MCAL/Timer1_8.o
 .debug_abbrev  0x00000000000008fd      0x1d6 ./MCAL/USART_Driver.o
 .debug_abbrev  0x0000000000000ad3      0x227 ./Src/main.o
 .debug_abbrev  0x0000000000000cfa       0x12 ./Startup/startup_stm32f103c6tx.o

.debug_loc      0x0000000000000000     0x100c
 .debug_loc     0x0000000000000000      0x216 ./HAL/LCD.o
 .debug_loc     0x0000000000000216      0x23c ./MCAL/EXTI_Driver.o
 .debug_loc     0x0000000000000452      0x38c ./MCAL/GPIO_Driver.o
 .debug_loc     0x00000000000007de      0x262 ./MCAL/SPI.o
 .debug_loc     0x0000000000000a40       0xf0 ./MCAL/Timer.o
 .debug_loc     0x0000000000000b30      0x1cc ./MCAL/Timer1_8.o
 .debug_loc     0x0000000000000cfc      0x238 ./MCAL/USART_Driver.o
 .debug_loc     0x0000000000000f34       0xd8 ./Src/main.o

.debug_aranges  0x0000000000000000      0x2b0
 .debug_aranges
                0x0000000000000000       0x58 ./HAL/LCD.o
 .debug_aranges
                0x0000000000000058       0x68 ./MCAL/EXTI_Driver.o
 .debug_aranges
                0x00000000000000c0       0x68 ./MCAL/GPIO_Driver.o
 .debug_aranges
                0x0000000000000128       0x50 ./MCAL/SPI.o
 .debug_aranges
                0x0000000000000178       0x30 ./MCAL/Timer.o
 .debug_aranges
                0x00000000000001a8       0x58 ./MCAL/Timer1_8.o
 .debug_aranges
                0x0000000000000200       0x58 ./MCAL/USART_Driver.o
 .debug_aranges
                0x0000000000000258       0x30 ./Src/main.o
 .debug_aranges
                0x0000000000000288       0x28 ./Startup/startup_stm32f103c6tx.o

.debug_ranges   0x0000000000000000      0x228
 .debug_ranges  0x0000000000000000       0x48 ./HAL/LCD.o
 .debug_ranges  0x0000000000000048       0x58 ./MCAL/EXTI_Driver.o
 .debug_ranges  0x00000000000000a0       0x58 ./MCAL/GPIO_Driver.o
 .debug_ranges  0x00000000000000f8       0x40 ./MCAL/SPI.o
 .debug_ranges  0x0000000000000138       0x20 ./MCAL/Timer.o
 .debug_ranges  0x0000000000000158       0x48 ./MCAL/Timer1_8.o
 .debug_ranges  0x00000000000001a0       0x48 ./MCAL/USART_Driver.o
 .debug_ranges  0x00000000000001e8       0x20 ./Src/main.o
 .debug_ranges  0x0000000000000208       0x20 ./Startup/startup_stm32f103c6tx.o

.debug_macro    0x0000000000000000      0x8eb
 .debug_macro   0x0000000000000000       0xab ./HAL/LCD.o
 .debug_macro   0x00000000000000ab       0x94 ./HAL/LCD.o
 .debug_macro   0x000000000000013f       0x98 ./MCAL/EXTI_Driver.o
 .debug_macro   0x00000000000001d7      0x346 ./MCAL/EXTI_Driver.o
 .debug_macro   0x000000000000051d       0x85 ./MCAL/GPIO_Driver.o
 .debug_macro   0x00000000000005a2       0x94 ./MCAL/SPI.o
 .debug_macro   0x0000000000000636       0x94 ./MCAL/Timer.o
 .debug_macro   0x00000000000006ca       0x8f ./MCAL/Timer1_8.o
 .debug_macro   0x0000000000000759       0x9d ./MCAL/USART_Driver.o
 .debug_macro   0x00000000000007f6       0x46 ./MCAL/USART_Driver.o
 .debug_macro   0x000000000000083c       0xaf ./Src/main.o

.debug_line     0x0000000000000000     0x3423
 .debug_line    0x0000000000000000      0x5fd ./HAL/LCD.o
 .debug_line    0x00000000000005fd      0x7bf ./MCAL/EXTI_Driver.o
 .debug_line    0x0000000000000dbc      0x727 ./MCAL/GPIO_Driver.o
 .debug_line    0x00000000000014e3      0x77e ./MCAL/SPI.o
 .debug_line    0x0000000000001c61      0x4f3 ./MCAL/Timer.o
 .debug_line    0x0000000000002154      0x635 ./MCAL/Timer1_8.o
 .debug_line    0x0000000000002789      0x6f8 ./MCAL/USART_Driver.o
 .debug_line    0x0000000000002e81      0x51e ./Src/main.o
 .debug_line    0x000000000000339f       0x84 ./Startup/startup_stm32f103c6tx.o

.debug_str      0x0000000000000000     0x6cb5
 .debug_str     0x0000000000000000     0x4771 ./HAL/LCD.o
                                       0x4916 (size before relaxing)
 .debug_str     0x0000000000004771     0x15d1 ./MCAL/EXTI_Driver.o
                                       0x5a2c (size before relaxing)
 .debug_str     0x0000000000005d42      0x124 ./MCAL/GPIO_Driver.o
                                       0x459b (size before relaxing)
 .debug_str     0x0000000000005e66      0x39d ./MCAL/SPI.o
                                       0x48a4 (size before relaxing)
 .debug_str     0x0000000000006203       0x27 ./MCAL/Timer.o
                                       0x4556 (size before relaxing)
 .debug_str     0x000000000000622a      0x586 ./MCAL/Timer1_8.o
                                       0x4aae (size before relaxing)
 .debug_str     0x00000000000067b0      0x4a1 ./MCAL/USART_Driver.o
                                       0x49d8 (size before relaxing)
 .debug_str     0x0000000000006c51       0x35 ./Src/main.o
                                       0x4e34 (size before relaxing)
 .debug_str     0x0000000000006c86       0x2f ./Startup/startup_stm32f103c6tx.o
                                         0x5d (size before relaxing)

.debug_frame    0x0000000000000000      0x8f8
 .debug_frame   0x0000000000000000      0x118 ./HAL/LCD.o
 .debug_frame   0x0000000000000118      0x148 ./MCAL/EXTI_Driver.o
 .debug_frame   0x0000000000000260      0x1a0 ./MCAL/GPIO_Driver.o
 .debug_frame   0x0000000000000400      0x120 ./MCAL/SPI.o
 .debug_frame   0x0000000000000520       0x7c ./MCAL/Timer.o
 .debug_frame   0x000000000000059c      0x10c ./MCAL/Timer1_8.o
 .debug_frame   0x00000000000006a8      0x12c ./MCAL/USART_Driver.o
 .debug_frame   0x00000000000007d4       0x78 ./Src/main.o
 .debug_frame   0x000000000000084c       0x38 C:/ST/STM32CubeIDE_1.13.2/STM32CubeIDE/plugins/com.st.stm32cube.ide.mcu.externaltools.gnu-tools-for-stm32.11.3.rel1.win32_1.1.1.202309131626/tools/bin/../lib/gcc/arm-none-eabi/11.3.1/../../../../arm-none-eabi/lib/thumb/v7-m/nofp\libc_nano.a(libc_a-itoa.o)
 .debug_frame   0x0000000000000884       0x48 C:/ST/STM32CubeIDE_1.13.2/STM32CubeIDE/plugins/com.st.stm32cube.ide.mcu.externaltools.gnu-tools-for-stm32.11.3.rel1.win32_1.1.1.202309131626/tools/bin/../lib/gcc/arm-none-eabi/11.3.1/../../../../arm-none-eabi/lib/thumb/v7-m/nofp\libc_nano.a(libc_a-utoa.o)
 .debug_frame   0x00000000000008cc       0x2c C:/ST/STM32CubeIDE_1.13.2/STM32CubeIDE/plugins/com.st.stm32cube.ide.mcu.externaltools.gnu-tools-for-stm32.11.3.rel1.win32_1.1.1.202309131626/tools/bin/../lib/gcc/arm-none-eabi/11.3.1/../../../../arm-none-eabi/lib/thumb/v7-m/nofp\libc_nano.a(libc_a-init.o)
